2026-04-20 18:32:08,887 | INFO | Starting pipeline
2026-04-20 18:32:08,899 | INFO | Feature extraction complete.
2026-04-20 18:32:08,900 | INFO | ----- SUMMARY -----
2026-04-20 18:32:08,900 | INFO | Total images: 0
2026-04-20 18:32:08,900 | INFO | Processed: 0
2026-04-20 18:32:08,901 | INFO | Skipped: 0
2026-04-20 18:32:08,902 | INFO | Crop failed: 0
2026-04-20 18:32:27,399 | INFO | Starting pipeline
2026-04-20 18:32:27,410 | INFO | Feature extraction complete.
2026-04-20 18:32:27,410 | INFO | ----- SUMMARY -----
2026-04-20 18:32:27,410 | INFO | Total images: 0
2026-04-20 18:32:27,411 | INFO | Processed: 0
2026-04-20 18:32:27,412 | INFO | Skipped: 0
2026-04-20 18:32:27,412 | INFO | Crop failed: 0
2026-04-20 18:33:10,478 | INFO | Starting pipeline
2026-04-20 18:33:10,488 | INFO | Processing class: class
2026-04-20 18:33:10,905 | INFO | Processed: 3587.jpg
2026-04-20 18:33:11,019 | INFO | Processed: 3588.jpg
2026-04-20 18:33:11,125 | INFO | Processed: 3589.jpg
2026-04-20 18:33:11,243 | INFO | Processed: 3590.jpg
2026-04-20 18:33:11,353 | INFO | Processed: 3591.jpg
2026-04-20 18:33:11,465 | INFO | Processed: 3592.jpg
2026-04-20 18:33:11,593 | INFO | Processed: 3593.jpg
2026-04-20 18:33:11,701 | INFO | Processed: 3594.jpg
2026-04-20 18:33:11,811 | INFO | Processed: 3595.jpg
2026-04-20 18:33:11,923 | INFO | Processed: 3619.jpg
2026-04-20 18:33:12,041 | INFO | Processed: 3620.jpg
2026-04-20 18:33:12,157 | INFO | Processed: 3621.jpg
2026-04-20 18:33:12,165 | INFO | Feature extraction complete.
2026-04-20 18:33:12,166 | INFO | ----- SUMMARY -----
2026-04-20 18:33:12,166 | INFO | Total images: 12
2026-04-20 18:33:12,166 | INFO | Processed: 12
2026-04-20 18:33:12,167 | INFO | Skipped: 0
2026-04-20 18:33:12,168 | INFO | Crop failed: 0
